Component: ARM Compiler 6.16 Tool: armlink [5dfeaa00]

==============================================================================

Section Cross References

    problem1.o(reset) refers to problem1.o(stack) for __initial_sp
    problem1.o(reset) refers to problem1.o(init) for Reset_Handler
    problem1.o(init) refers to problem1.o(output) for result


==============================================================================

Removing Unused input sections from the image.

    Removing problem1.o(input), (44 bytes).

1 unused section(s) (total 44 bytes) removed from the image.

==============================================================================

Image Symbol Table

    Local Symbols

    Symbol Name                              Value     Ov Type        Size  Object(Section)

    problem1.s                               0x00000000   Number         0  problem1.o ABSOLUTE
    reset                                    0x08000000   Section        8  problem1.o(reset)
    $v0                                      0x08000008   Number         0  problem1.o(init)
    init                                     0x08000008   Section       52  problem1.o(init)
    result                                   0x38000000   Data           4  problem1.o(output)
    output                                   0x38000000   Section        4  problem1.o(output)
    stack                                    0x38000004   Section     1024  problem1.o(stack)

    Global Symbols

    Symbol Name                              Value     Ov Type        Size  Object(Section)

    BuildAttributes$$THM_ISAv4$E$P$D$K$B$S$7EM$VFPv5_D16$PE$PLD8$A:L22UL41UL21$X:L11$S22US41US21$IEEE1$~IW$USESV6$~STKCKD$USESV7$~SHL$OSPACE$EBA8$STANDARDLIB$PRES8$EABIv2 0x00000000   Number         0  anon$$obj.o ABSOLUTE
    __Vectors                                0x08000000   Data           4  problem1.o(reset)
    Reset_Handler                            0x08000009   Thumb Code     0  problem1.o(init)
    __initial_sp                             0x38000404   Data           0  problem1.o(stack)



==============================================================================

Memory Map of the image

  Image Entry point : 0x08000009

  Load Region LR_1 (Base: 0x08000000, Size: 0x00000040, Max: 0xffffffff, ABSOLUTE)

    Execution Region ER_RO (Exec base: 0x08000000, Load base: 0x08000000, Size: 0x0000003c, Max: 0xffffffff, ABSOLUTE)

    Exec Addr    Load Addr    Size         Type   Attr      Idx    E Section Name        Object

    0x08000000   0x08000000   0x00000008   Data   RO            2    reset               problem1.o
    0x08000008   0x08000008   0x00000034   Code   RO            3  * init                problem1.o


    Execution Region ER_RW (Exec base: 0x38000000, Load base: 0x0800003c, Size: 0x00000004, Max: 0xffffffff, ABSOLUTE)

    Exec Addr    Load Addr    Size         Type   Attr      Idx    E Section Name        Object

    0x38000000   0x0800003c   0x00000004   Data   RW            5    output              problem1.o


    Execution Region ER_ZI (Exec base: 0x38000004, Load base: 0x08000040, Size: 0x00000400, Max: 0xffffffff, ABSOLUTE)

    Exec Addr    Load Addr    Size         Type   Attr      Idx    E Section Name        Object

    0x38000004        -       0x00000400   Zero   RW            1    stack               problem1.o


==============================================================================

Image component sizes


      Code (inc. data)   RO Data    RW Data    ZI Data      Debug   Object Name

        52          6          8          4       1024        252   problem1.o

    ----------------------------------------------------------------------
        52          6          8          4       1024        252   Object Totals
         0          0          0          0          0          0   (incl. Generated)
         0          0          0          0          0          0   (incl. Padding)

    ----------------------------------------------------------------------
         0          0          0          0          0          0   Library Totals
         0          0          0          0          0          0   (incl. Padding)

    ----------------------------------------------------------------------

==============================================================================


      Code (inc. data)   RO Data    RW Data    ZI Data      Debug   

        52          6          8          4       1024        252   Grand Totals
        52          6          8          4       1024        252   ELF Image Totals
        52          6          8          4          0          0   ROM Totals

==============================================================================

    Total RO  Size (Code + RO Data)                   60 (   0.06kB)
    Total RW  Size (RW Data + ZI Data)              1028 (   1.00kB)
    Total ROM Size (Code + RO Data + RW Data)         64 (   0.06kB)

==============================================================================

